// Jest Snapshot v1, https://goo.gl/fbAQLP

exports[`ButtonWithImage: Рендерится без ошибок 1`] = `
<div
  className="sc-bxivhb dUiVDW"
>
  <button
    className="mxzgdr-0 bbXgdI"
    size="large"
    type="button"
  >
    <div
      className="sc-1jxwge6-0 wterhv-0 eZGOHC"
      width="100%"
    >
      <div />
      <div
        className="sc-1jxwge6-0 wterhv-0 irkFkV"
      >
        Button
      </div>
      <div />
    </div>
  </button>
</div>
`;

exports[`ButtonWithImage: Рендерится с иконкой слева 1`] = `
<div
  className="sc-bxivhb dUiVDW"
>
  <button
    className="mxzgdr-0 bbXgdI"
    size="large"
    type="button"
  >
    <div
      className="sc-1jxwge6-0 wterhv-0 eZGOHC"
      width="100%"
    >
      <div />
      <div
        className="sc-1jxwge6-0 wterhv-0 irkFkV"
      >
        Button
      </div>
      <div />
    </div>
  </button>
</div>
`;

exports[`ButtonWithImage: Рендерится с иконкой справа 1`] = `
<div
  className="sc-bxivhb dUiVDW"
>
  <button
    className="mxzgdr-0 bbXgdI"
    size="large"
    type="button"
  >
    <div
      className="sc-1jxwge6-0 wterhv-0 eZGOHC"
      width="100%"
    >
      <div />
      <div
        className="sc-1jxwge6-0 wterhv-0 irkFkV"
      >
        Button
      </div>
      <div />
    </div>
  </button>
</div>
`;
